
> 99sellers@0.1.0 build
> next build

  Γû▓ Next.js 14.2.35
  - Environments: .env.local

   Creating an optimized production build ...
node.exe : <w> [webpac
k.cache.PackFileCacheS
trategy] Skipped not 
serializable cache 
item 'Compilation/modu
les|javascript/auto|C:
\Users\nyash\pakka_99\
99Sellers\frontend\nod
e_modules\next\dist\bu
ild\webpack\loaders\ne
xt-flight-css-loader.j
s??ruleSet[1].rules[14
].oneOf[9].use[0]!C:\U
sers\nyash\pakka_99\99
Sellers\frontend\node_
modules\next\dist\buil
d\webpack\loaders\css-
loader\src\index.js??r
uleSet[1].rules[14].on
eOf[9].use[1]!C:\Users
\nyash\pakka_99\99Sell
ers\frontend\node_modu
les\next\dist\build\we
bpack\loaders\postcss-
loader\src\index.js??r
uleSet[1].rules[14].on
eOf[9].use[2]!C:\Users
\nyash\pakka_99\99Sell
ers\frontend\node_modu
les\next\dist\build\we
bpack\loaders\resolve-
url-loader\index.js??r
uleSet[1].rules[14].on
eOf[9].use[3]!C:\Users
\nyash\pakka_99\99Sell
ers\frontend\node_modu
les\next\dist\compiled
\sass-loader\cjs.js??r
uleSet[1].rules[14].on
eOf[9].use[4]!C:\Users
\nyash\pakka_99\99Sell
ers\frontend\src\compo
nents\search\dashboard
.module.scss|ssr': No 
serializer registered 
for Warning
At C:\Program Files\no
dejs\npm.ps1:29 char:3
+   & $NODE_EXE 
$NPM_CLI_JS $args
+   ~~~~~~~~~~~~~~~~~~
~~~~~~~~~~~
    + CategoryInfo    
          : NotSpeci  
  fied: (<w> [webpa   
 ck.ca...red for W    
arning:String) []    
, RemoteException
    + FullyQualifiedE 
   rrorId : NativeCo  
  mmandError
 
<w> while serializing 
webpack/lib/cache/Pack
FileCacheStrategy.Pack
ContentItems -> webpac
k/lib/NormalModule -> 
Array { 1 items } -> w
ebpack/lib/ModuleWarni
ng -> Warning
Failed to compile.

./src/app/signin/page.
tsx
Module not found: 
Can't resolve '@/compo
nents/ui/ReCaptcha'

https://nextjs.org/doc
s/messages/module-not-
found

./src/modules/CommonUI
_Module.tsx
Error: 
  [31mx[0m 
Expression expected
     ,-[[36;1;4mC:\Us
ers\nyash\pakka_99\99S
ellers\frontend\src\mo
dules\CommonUI_Module.
tsx[0m:273:1]
 [2m273[0m |     
const handleTrial = 
async () => { 
setIsLoading(true); 
if (onStartTrial) { 
await onStartTrial(); 
} else { router.push("
/dashboard/subscriptio
n?trial=true"); } 
setIsLoading(false); 
onClose(); };
 [2m274[0m | 
 [2m275[0m |     
return (
 [2m276[0m |        
 <>
     : [31;1m        
 ^[0m
 [2m277[0m |        
     <div 
onClick={onClose} 
style={{ position: 
"fixed", top: 0, 
left: 0, right: 0, 
bottom: 0, 
background: "rgba(0, 
0, 0, 0.6)", 
backdropFilter: 
"blur(4px)", zIndex: 
9998, animation: 
"fadeIn 0.2s 
ease-out" }} />
 [2m278[0m |        
     <div style={{ 
position: "fixed", 
top: "50%", left: 
"50%", transform: 
"translate(-50%, 
-50%)", zIndex: 9999, 
width: "100%", 
maxWidth: imageUrl ? 
520 : 420, animation: 
"slideIn 0.3s 
ease-out" }}>
 [2m278[0m |        
         <div 
style={{ background: 
"#fff", borderRadius: 
20, overflow: 
"hidden", boxShadow: 
"0 25px 50px -12px 
rgba(0, 0, 0, 0.25)" 
}}>
     `----

  [31mx[0m Expected 
',', got 'style'
     ,-[[36;1;4mC:\Us
ers\nyash\pakka_99\99S
ellers\frontend\src\mo
dules\CommonUI_Module.
tsx[0m:275:1]
 [2m275[0m |     
return (
 [2m276[0m |        
 <>
 [2m277[0m |        
     <div 
onClick={onClose} 
style={{ position: 
"fixed", top: 0, 
left: 0, right: 0, 
bottom: 0, 
background: "rgba(0, 
0, 0, 0.6)", 
backdropFilter: 
"blur(4px)", zIndex: 
9998, animation: 
"fadeIn 0.2s 
ease-out" }} />
 [2m278[0m |        
     <div style={{ 
position: "fixed", 
top: "50%", left: 
"50%", transform: 
"translate(-50%, 
-50%)", zIndex: 9999, 
width: "100%", 
maxWidth: imageUrl ? 
520 : 420, animation: 
"slideIn 0.3s 
ease-out" }}>
     : [31;1m        
         ^^^^^[0m
 [2m279[0m |        
         <div 
style={{ background: 
"#fff", borderRadius: 
20, overflow: 
"hidden", boxShadow: 
"0 25px 50px -12px 
rgba(0, 0, 0, 0.25)" 
}}>
 [2m280[0m |        
             <button 
onClick={onClose} 
style={{ position: 
"absolute", top: 16, 
right: 16, width: 32, 
height: 32, 
borderRadius: "50%", 
border: "none", 
background: "rgba(0, 
0, 0, 0.1)", cursor: 
"pointer", display: 
"flex", alignItems: 
"center", 
justifyContent: 
"center", zIndex: 10, 
transition: 
"background 0.2s" }}>
 [2m280[0m |        
                 <i 
className="fa-solid 
fa-xmark" style={{ 
color: "#64748B", 
fontSize: 14 }}></i>
     `----

Caused by:
    Syntax Error

Import trace for 
requested module:
./src/modules/CommonUI
_Module.tsx
./src/app/dashboard/la
yout.tsx


> Build failed 
because of webpack 
errors
