src/components/property/TaxDetailView.tsx(504,50): error TS2304: Cannot find name 'fmtPhone'.
src/components/property/TaxDetailView.tsx(664,32): error TS2304: Cannot find name 'sanitize'.
